---
source: adx/src/main.rs
info:
  program: adx
  args:
    - "--channel"
    - stable
    - appcompat
---
success: true
exit_code: 0
----- stdout -----
Searching for appcompat
androidx.appcompat:appcompat:1.7.1
androidx.appcompat:appcompat-resources:1.7.1
androidx.asynclayoutinflater:asynclayoutinflater-appcompat:1.1.0
androidx.emoji:emoji-appcompat:1.1.0
com.android.support:appcompat-v7:28.0.0
com.android.support:support-emoji-appcompat:28.0.0

----- stderr -----
